Last login: Fri Jul  1 16:16:58 on ttys003
jonathanlarson@Jonathans-MacBook-Pro ~ % find /usr -name tools    
find: /usr/sbin/authserver: Permission denied
/usr/local/n/versions/node/17.5.0/lib/node_modules/npm/node_modules/node-gyp/gyp/tools
/usr/local/n/versions/node/14.17.0/lib/node_modules/npm/node_modules/node-gyp/gyp/tools
/usr/local/n/versions/node/14.19.0/lib/node_modules/npm/node_modules/node-gyp/gyp/tools
/usr/local/n/versions/node/15.14.0/lib/node_modules/npm/node_modules/node-gyp/gyp/tools
/usr/local/n/versions/node/14.17.4/lib/node_modules/npm/node_modules/node-gyp/gyp/tools
/usr/local/n/versions/node/16.14.0/lib/node_modules/npm/node_modules/node-gyp/gyp/tools
/usr/local/lib/node_modules/npm/node_modules/node-gyp/gyp/tools
/usr/share/vim/vim82/tools
/usr/share/vim/vim82/colors/tools
jonathanlarson@Jonathans-MacBook-Pro ~ % find /usr -name tools.jar
find: /usr/sbin/authserver: Permission denied
jonathanlarson@Jonathans-MacBook-Pro ~ % find -name tools.jar 
find: illegal option -- n
usage: find [-H | -L | -P] [-EXdsx] [-f path] path ... [expression]
       find [-H | -L | -P] [-EXdsx] -f path [path ...] [expression]
jonathanlarson@Jonathans-MacBook-Pro ~ % find /user -name tools.jar
find: /user: No such file or directory
jonathanlarson@Jonathans-MacBook-Pro ~ % find /usr -name tools.jar 
find: /usr/sbin/authserver: Permission denied
jonathanlarson@Jonathans-MacBook-Pro ~ % sudo find /usr -name tools.jar
Password:
jonathanlarson@Jonathans-MacBook-Pro ~ % find / -name tools.jar     
find: /usr/sbin/authserver: Permission denied
find: /Library/Application Support/Apple/ParentalControls/Users: Permission denied
find: /Library/Application Support/Apple/AssetCache/Data: Permission denied
find: /Library/Application Support/ApplePushService: Permission denied
find: /Library/Application Support/com.apple.TCC: Operation not permitted
find: /Library/Caches/com.apple.iconservices.store: Permission denied
find: /Library/Caches/com.apple.aned: Operation not permitted
find: /System/Library/DirectoryServices/DefaultLocalDB/Default: Permission denied
find: /System/Library/Templates/Data/Library/Application Support/Apple/ParentalControls/Users: Permission denied
find: /System/Library/Templates/Data/Library/Application Support/com.apple.TCC: Operation not permitted
find: /System/Library/Templates/Data/private/etc/cups/certs: Permission denied
find: /System/Library/Templates/Data/private/var/install: Permission denied
find: /System/Library/Templates/Data/private/var/ma: Permission denied
find: /System/Library/Templates/Data/private/var/spool/mqueue: Permission denied
find: /System/Library/Templates/Data/private/var/spool/postfix/saved: Permission denied
find: /System/Library/Templates/Data/private/var/spool/postfix/trace: Permission denied
find: /System/Library/Templates/Data/private/var/spool/postfix/defer: Permission denied
find: /System/Library/Templates/Data/private/var/spool/postfix/flush: Permission denied
find: /System/Library/Templates/Data/private/var/spool/postfix/deferred: Permission denied
find: /System/Library/Templates/Data/private/var/spool/postfix/corrupt: Permission denied
find: /System/Library/Templates/Data/private/var/spool/postfix/public: Permission denied
find: /System/Library/Templates/Data/private/var/spool/postfix/private: Permission denied
find: /System/Library/Templates/Data/private/var/spool/postfix/incoming: Permission denied
find: /System/Library/Templates/Data/private/var/spool/postfix/active: Permission denied
find: /System/Library/Templates/Data/private/var/spool/postfix/maildrop: Permission denied
find: /System/Library/Templates/Data/private/var/spool/postfix/hold: Permission denied
find: /System/Library/Templates/Data/private/var/spool/postfix/bounce: Permission denied
find: /System/Library/Templates/Data/private/var/spool/cups: Permission denied
find: /System/Library/Templates/Data/private/var/jabberd: Permission denied
find: /System/Library/Templates/Data/private/var/audit: Permission denied
find: /System/Library/Templates/Data/private/var/root: Permission denied
find: /System/Library/Templates/Data/private/var/lib/postfix: Permission denied
find: /System/Library/Templates/Data/private/var/db/appinstalld: Permission denied
find: /System/Library/Templates/Data/private/var/db/diskimagesiod: Permission denied
find: /System/Library/Templates/Data/private/var/db/locationd: Permission denied
find: /System/Library/Templates/Data/private/var/db/sysdiagnose/com.apple.sysdiagnose: Permission denied
find: /System/Library/Templates/Data/private/var/db/analyticsd: Permission denied
find: /System/Library/Templates/Data/private/var/db/rmd: Permission denied
find: /System/Library/Templates/Data/private/var/db/knowledgegraphd: Permission denied
find: /System/Library/Templates/Data/private/var/db/nsurlsessiond: Permission denied
find: /System/Library/Templates/Data/private/var/db/fpsd: Permission denied
find: /System/Library/Templates/Data/private/var/db/hidd: Permission denied
find: /System/Library/Templates/Data/private/var/db/installcoordinationd: Permission denied
find: /System/Library/Templates/Data/private/var/db/geod: Permission denied
find: /System/Library/Templates/Data/private/var/db/oah: Operation not permitted
find: /System/Library/Templates/Data/private/var/db/reportmemoryexception: Permission denied
find: /System/Library/Templates/Data/private/var/db/lockdown: Permission denied
find: /System/Library/Templates/Data/private/var/db/datadetectors: Permission denied
find: /System/Library/Templates/Data/private/var/db/cmiodalassistants: Permission denied
find: /System/Library/Templates/Data/private/var/db/com.apple.xpc.roleaccountd.staging: Permission denied
find: /System/Library/Templates/Data/private/var/db/dslocal/nodes/Default: Permission denied
find: /System/Library/Templates/Data/private/var/db/nearbyd: Permission denied
find: /System/Library/Templates/Data/private/var/db/timed: Permission denied
find: /System/Library/Templates/Data/private/var/db/applepay: Permission denied
find: /System/Library/Templates/Data/private/var/db/darwindaemon: Permission denied
find: /System/Library/Templates/Data/private/var/db/securityagent: Permission denied
find: /System/Library/Templates/Data/private/var/db/accessoryupdater: Permission denied
find: /System/Library/Templates/Data/private/var/db/ConfigurationProfiles/Store: Permission denied
find: /System/Library/Templates/Data/private/var/db/caches/opendirectory: Permission denied
find: /System/Library/Templates/Data/private/var/at/tabs: Permission denied
find: /System/Library/Templates/Data/private/var/at/tmp: Permission denied
find: /System/Library/Templates/Data/private/var/backups: Permission denied
find: /System/Library/Templates/Data/private/var/agentx: Permission denied
^C
jonathanlarson@Jonathans-MacBook-Pro ~ % sudo find / -name tools.jar
find: /Library/Application Support/com.apple.TCC: Operation not permitted
find: /Library/Caches/com.apple.aned: Operation not permitted
find: /System/Library/Templates/Data/Library/Application Support/com.apple.TCC: Operation not permitted
find: /System/Library/Templates/Data/private/var/db/oah: Operation not permitted
find: /System/Volumes/xarts/.Trashes: Operation not permitted
find: /System/Volumes/Data/.Spotlight-V100: No such file or directory
find: /System/Volumes/Data/.com.apple.templatemigration.boot-install: No such file or directory
find: /System/Volumes/Data/Library/Application Support/com.apple.TCC: Operation not permitted
find: /System/Volumes/Data/Library/Caches/com.apple.aned: Operation not permitted
find: /System/Volumes/Data/System/Library/Templates/Data/Library/Application Support/com.apple.TCC: Operation not permitted
find: /System/Volumes/Data/System/Library/Templates/Data/private/var/db/oah: Operation not permitted
find: /System/Volumes/Data/mnt: No such file or directory
find: /System/Volumes/Data/macOS Install Data: No such file or directory
find: /System/Volumes/Data/.fseventsd: No such file or directory
find: /System/Volumes/Data/private/var/networkd/db: Operation not permitted
find: /System/Volumes/Data/private/var/db/appinstalld: Operation not permitted
find: /System/Volumes/Data/private/var/db/Spotlight: Operation not permitted
find: /System/Volumes/Data/private/var/db/sysdiagnose/com.apple.sysdiagnose: Operation not permitted
find: /System/Volumes/Data/private/var/db/SoC: Operation not permitted
find: /System/Volumes/Data/private/var/db/DumpPanic: Operation not permitted
find: /System/Volumes/Data/private/var/db/fpsd/dvp: Operation not permitted
find: /System/Volumes/Data/private/var/db/installcoordinationd: Operation not permitted
find: /System/Volumes/Data/private/var/db/Spotlight-V100: Operation not permitted
find: /System/Volumes/Data/private/var/db/oah: Operation not permitted
find: /System/Volumes/Data/private/var/db/Sandbox: Operation not permitted
find: /System/Volumes/Data/private/var/db/lockdown: Operation not permitted
find: /System/Volumes/Data/private/var/db/KernelExtensionManagement/Staging: Operation not permitted
find: /System/Volumes/Data/private/var/db/DifferentialPrivacy: Operation not permitted
find: /System/Volumes/Data/private/var/db/MobileIdentityService: Operation not permitted
find: /System/Volumes/Data/private/var/db/searchparty: Operation not permitted
find: /System/Volumes/Data/private/var/db/CoreDuet: Operation not permitted
find: /System/Volumes/Data/private/var/db/ConfigurationProfiles/Store: Operation not permitted
find: /System/Volumes/Data/private/var/folders/zz/zyxvpxvq6csfxvn_n000010r000086/T/com.apple.trustd/TemporaryItems: Operation not permitted
find: /System/Volumes/Data/private/var/folders/zz/zyxvpxvq6csfxvn_n000010r000086/T/com.apple.geod/TemporaryItems: Operation not permitted
find: /System/Volumes/Data/private/var/folders/zz/zyxvpxvq6csfxvn_n00000sm00006d/0: Operation not permitted
find: /System/Volumes/Data/private/var/folders/zz/zyxvpxvq6csfxvn_n00000sm00006d/C: Operation not permitted
find: /System/Volumes/Data/private/var/folders/zz/zyxvpxvq6csfxvn_n00000b400002s/T/com.apple.trustd/TemporaryItems: Operation not permitted
find: /System/Volumes/Data/private/var/folders/zz/zyxvpxvq6csfxvn_n000013800008t/T/com.apple.trustd/TemporaryItems: Operation not permitted
find: /System/Volumes/Data/private/var/folders/zz/zyxvpxvq6csfxvn_n00000y800007k/0/com.apple.nsurlsessiond: Operation not permitted
find: /System/Volumes/Data/private/var/folders/zz/zyxvpxvq6csfxvn_n00000y800007k/T/com.apple.nsurlsessiond/TemporaryItems: Operation not permitted
find: /System/Volumes/Data/private/var/folders/zz/zyxvpxvq6csfxvn_n00000z000007r/0/com.apple.ScreenTimeAgent/Store: Operation not permitted
find: /System/Volumes/Data/private/var/folders/zz/zyxvpxvq6csfxvn_n00000z000007r/0/com.apple.lockoutagent: Operation not permitted
find: /System/Volumes/Data/private/var/folders/zz/zyxvpxvq6csfxvn_n00000z000007r/0/com.apple.progressd/ClassKit: Operation not permitted
find: /System/Volumes/Data/private/var/folders/zz/zyxvpxvq6csfxvn_n00000z000007r/0/com.apple.exchangesync: Operation not permitted
find: /System/Volumes/Data/private/var/folders/zz/zyxvpxvq6csfxvn_n00000z000007r/0/dmd: Operation not permitted
find: /System/Volumes/Data/private/var/folders/zz/zyxvpxvq6csfxvn_n00000z000007r/0/com.apple.nsurlsessiond: Operation not permitted
find: /System/Volumes/Data/private/var/folders/zz/zyxvpxvq6csfxvn_n00000z000007r/0/com.apple.routined/dv: Operation not permitted
find: /System/Volumes/Data/private/var/folders/zz/zyxvpxvq6csfxvn_n00000z000007r/C/com.apple.WebKit.WebContent.Sandbox: Operation not permitted
find: /System/Volumes/Data/private/var/folders/zz/zyxvpxvq6csfxvn_n00000z000007r/C/com.apple.WebKit.Networking.Sandbox: Operation not permitted
find: /System/Volumes/Data/private/var/folders/zz/zyxvpxvq6csfxvn_n00000z000007r/C/com.apple.quicklook.ThumbnailsAgent/com.apple.QuickLook.thumbnailcache: Operation not permitted
find: /System/Volumes/Data/private/var/folders/zz/zyxvpxvq6csfxvn_n00000s0000068/T/TemporaryItems: Operation not permitted
find: /System/Volumes/Data/private/var/folders/zz/zyxvpxvq6csfxvn_n0000000000000/0/com.apple.LaunchServices.dv: Operation not permitted
find: /System/Volumes/Data/private/var/folders/zz/zyxvpxvq6csfxvn_n0000000000000/T/com.apple.mobileassetd/TemporaryItems: Operation not permitted
find: /System/Volumes/Data/private/var/folders/zz/zyxvpxvq6csfxvn_n0000000000000/T/com.apple.revisiond/TemporaryItems: Operation not permitted
find: /System/Volumes/Data/private/var/folders/zz/zyxvpxvq6csfxvn_n0000000000000/T/com.apple.icloud.searchpartyd/TemporaryItems: Operation not permitted
find: /System/Volumes/Data/private/var/folders/zz/zyxvpxvq6csfxvn_n0000000000000/T/TemporaryItems: Operation not permitted
find: /System/Volumes/Data/private/var/folders/zz/zyxvpxvq6csfxvn_n0000000000000/T/com.apple.nehelper/TemporaryItems: Operation not permitted
find: /System/Volumes/Data/private/var/folders/zz/zyxvpxvq6csfxvn_n0000000000000/T/com.apple.GSSCred/TemporaryItems: Operation not permitted
find: /System/Volumes/Data/private/var/folders/zz/zyxvpxvq6csfxvn_n0000000000000/T/com.apple.wifianalyticsd/TemporaryItems: Operation not permitted
find: /System/Volumes/Data/private/var/folders/8x/9bxtdfcd0yq5f0kb1knxx22h0000gn/0/com.apple.ScreenTimeAgent/Store: Operation not permitted
find: /System/Volumes/Data/private/var/folders/8x/9bxtdfcd0yq5f0kb1knxx22h0000gn/0/com.apple.lockoutagent: Operation not permitted
find: /System/Volumes/Data/private/var/folders/8x/9bxtdfcd0yq5f0kb1knxx22h0000gn/0/com.apple.progressd/ClassKit: Operation not permitted
find: /System/Volumes/Data/private/var/folders/8x/9bxtdfcd0yq5f0kb1knxx22h0000gn/0/com.apple.exchangesync: Operation not permitted
find: /System/Volumes/Data/private/var/folders/8x/9bxtdfcd0yq5f0kb1knxx22h0000gn/0/com.apple.Safari/SafariFamily: Operation not permitted
find: /System/Volumes/Data/private/var/folders/8x/9bxtdfcd0yq5f0kb1knxx22h0000gn/0/com.apple.LaunchServices.dv: Operation not permitted
find: /System/Volumes/Data/private/var/folders/8x/9bxtdfcd0yq5f0kb1knxx22h0000gn/0/dmd: Operation not permitted
find: /System/Volumes/Data/private/var/folders/8x/9bxtdfcd0yq5f0kb1knxx22h0000gn/0/com.apple.nsurlsessiond: Operation not permitted
find: /System/Volumes/Data/private/var/folders/8x/9bxtdfcd0yq5f0kb1knxx22h0000gn/0/com.apple.SharedWebCredentials: Operation not permitted
find: /System/Volumes/Data/private/var/folders/8x/9bxtdfcd0yq5f0kb1knxx22h0000gn/0/com.apple.routined/dv: Operation not permitted
find: /System/Volumes/Data/private/var/folders/8x/9bxtdfcd0yq5f0kb1knxx22h0000gn/0/com.apple.corespeechd/Caches/VoiceTrigger/SATUpdate: Operation not permitted
find: /System/Volumes/Data/private/var/folders/8x/9bxtdfcd0yq5f0kb1knxx22h0000gn/T/com.apple.appleaccountd/TemporaryItems: Operation not permitted
find: /System/Volumes/Data/private/var/folders/8x/9bxtdfcd0yq5f0kb1knxx22h0000gn/T/com.apple.ScreenTimeAgent/TemporaryItems: Operation not permitted
find: /System/Volumes/Data/private/var/folders/8x/9bxtdfcd0yq5f0kb1knxx22h0000gn/T/com.apple.photolibraryd/TemporaryItems: Operation not permitted
find: /System/Volumes/Data/private/var/folders/8x/9bxtdfcd0yq5f0kb1knxx22h0000gn/T/com.apple.trustd/TemporaryItems: Operation not permitted
find: /System/Volumes/Data/private/var/folders/8x/9bxtdfcd0yq5f0kb1knxx22h0000gn/T/com.apple.triald/TemporaryItems: Operation not permitted
find: /System/Volumes/Data/private/var/folders/8x/9bxtdfcd0yq5f0kb1knxx22h0000gn/T/com.apple.BKAgentService/TemporaryItems: Operation not permitted
find: /System/Volumes/Data/private/var/folders/8x/9bxtdfcd0yq5f0kb1knxx22h0000gn/T/com.apple.Safari/TemporaryItems: Operation not permitted
find: /System/Volumes/Data/private/var/folders/8x/9bxtdfcd0yq5f0kb1knxx22h0000gn/T/com.apple.mapspushd/TemporaryItems: Operation not permitted
find: /System/Volumes/Data/private/var/folders/8x/9bxtdfcd0yq5f0kb1knxx22h0000gn/T/com.apple.photoanalysisd/TemporaryItems: Operation not permitted
find: /System/Volumes/Data/private/var/folders/8x/9bxtdfcd0yq5f0kb1knxx22h0000gn/T/com.apple.appstoreagent/TemporaryItems: Operation not permitted
find: /System/Volumes/Data/private/var/folders/8x/9bxtdfcd0yq5f0kb1knxx22h0000gn/T/com.apple.icloud.searchpartyd/TemporaryItems: Operation not permitted
find: /System/Volumes/Data/private/var/folders/8x/9bxtdfcd0yq5f0kb1knxx22h0000gn/T/TemporaryItems: Operation not permitted
find: /System/Volumes/Data/private/var/folders/8x/9bxtdfcd0yq5f0kb1knxx22h0000gn/T/com.apple.parsec-fbf/TemporaryItems: Operation not permitted
find: /System/Volumes/Data/private/var/folders/8x/9bxtdfcd0yq5f0kb1knxx22h0000gn/T/gamed/TemporaryItems: Operation not permitted
find: /System/Volumes/Data/private/var/folders/8x/9bxtdfcd0yq5f0kb1knxx22h0000gn/T/com.apple.Photos/TemporaryItems: Operation not permitted
find: /System/Volumes/Data/private/var/folders/8x/9bxtdfcd0yq5f0kb1knxx22h0000gn/T/com.apple.nsurlsessiond/TemporaryItems: Operation not permitted
find: /System/Volumes/Data/private/var/folders/8x/9bxtdfcd0yq5f0kb1knxx22h0000gn/T/com.apple.imtranscoding.IMTranscoderAgent/TemporaryItems: Operation not permitted
find: /System/Volumes/Data/private/var/folders/8x/9bxtdfcd0yq5f0kb1knxx22h0000gn/T/com.apple.AppStore/TemporaryItems: Operation not permitted
find: /System/Volumes/Data/private/var/folders/8x/9bxtdfcd0yq5f0kb1knxx22h0000gn/T/com.apple.Notes/TemporaryItems: Operation not permitted
find: /System/Volumes/Data/private/var/folders/8x/9bxtdfcd0yq5f0kb1knxx22h0000gn/T/com.apple.passd/TemporaryItems: Operation not permitted
find: /System/Volumes/Data/private/var/folders/8x/9bxtdfcd0yq5f0kb1knxx22h0000gn/T/com.apple.remindd/TemporaryItems: Operation not permitted
find: /System/Volumes/Data/private/var/folders/8x/9bxtdfcd0yq5f0kb1knxx22h0000gn/T/com.apple.TextEdit/TemporaryItems: Operation not permitted
find: /System/Volumes/Data/private/var/folders/8x/9bxtdfcd0yq5f0kb1knxx22h0000gn/T/com.apple.studentd/TemporaryItems: Operation not permitted
find: /System/Volumes/Data/private/var/folders/8x/9bxtdfcd0yq5f0kb1knxx22h0000gn/T/com.apple.parsecd/TemporaryItems: Operation not permitted
find: /System/Volumes/Data/private/var/folders/8x/9bxtdfcd0yq5f0kb1knxx22h0000gn/T/com.apple.identityservicesd/TemporaryItems: Operation not permitted
find: /System/Volumes/Data/private/var/folders/8x/9bxtdfcd0yq5f0kb1knxx22h0000gn/T/com.apple.sharingd/TemporaryItems: Operation not permitted
find: /System/Volumes/Data/private/var/folders/8x/9bxtdfcd0yq5f0kb1knxx22h0000gn/T/com.apple.geod/TemporaryItems: Operation not permitted
find: /System/Volumes/Data/private/var/folders/8x/9bxtdfcd0yq5f0kb1knxx22h0000gn/T/com.apple.news/TemporaryItems: Operation not permitted
find: /System/Volumes/Data/private/var/folders/8x/9bxtdfcd0yq5f0kb1knxx22h0000gn/T/com.apple.bird/TemporaryItems: Operation not permitted
find: /System/Volumes/Data/private/var/folders/8x/9bxtdfcd0yq5f0kb1knxx22h0000gn/T/com.apple.routined/TemporaryItems: Operation not permitted
find: /System/Volumes/Data/private/var/folders/8x/9bxtdfcd0yq5f0kb1knxx22h0000gn/T/homed/TemporaryItems: Operation not permitted
find: /System/Volumes/Data/private/var/folders/8x/9bxtdfcd0yq5f0kb1knxx22h0000gn/T/com.apple.Preview/TemporaryItems: Operation not permitted
find: /System/Volumes/Data/private/var/folders/8x/9bxtdfcd0yq5f0kb1knxx22h0000gn/T/com.apple.quicklook.ThumbnailsAgent/TemporaryItems: Operation not permitted
find: /System/Volumes/Data/private/var/folders/8x/9bxtdfcd0yq5f0kb1knxx22h0000gn/T/com.apple.pluginkit/TemporaryItems: Operation not permitted
find: /System/Volumes/Data/private/var/folders/8x/9bxtdfcd0yq5f0kb1knxx22h0000gn/T/com.apple.AUHelperService/TemporaryItems: Operation not permitted
find: /System/Volumes/Data/private/var/folders/8x/9bxtdfcd0yq5f0kb1knxx22h0000gn/T/com.apple.donotdisturbd/TemporaryItems: Operation not permitted
find: /System/Volumes/Data/private/var/folders/8x/9bxtdfcd0yq5f0kb1knxx22h0000gn/T/itunescloudd/TemporaryItems: Operation not permitted
find: /System/Volumes/Data/private/var/folders/8x/9bxtdfcd0yq5f0kb1knxx22h0000gn/T/com.apple.fileprovider.ArchiveService/TemporaryItems: Operation not permitted
find: /System/Volumes/Data/private/var/folders/8x/9bxtdfcd0yq5f0kb1knxx22h0000gn/T/ru.keepcoder.Telegram/TemporaryItems: Operation not permitted
find: /System/Volumes/Data/private/var/folders/8x/9bxtdfcd0yq5f0kb1knxx22h0000gn/T/com.apple.mediaanalysisd/TemporaryItems: Operation not permitted
find: /System/Volumes/Data/private/var/folders/8x/9bxtdfcd0yq5f0kb1knxx22h0000gn/C/com.apple.WebKit.WebContent.Sandbox: Operation not permitted
find: /System/Volumes/Data/private/var/folders/8x/9bxtdfcd0yq5f0kb1knxx22h0000gn/C/com.apple.WebKit.Networking.Sandbox: Operation not permitted
find: /System/Volumes/Data/private/var/folders/8x/9bxtdfcd0yq5f0kb1knxx22h0000gn/C/com.apple.quicklook.ThumbnailsAgent/com.apple.QuickLook.thumbnailcache: Operation not permitted
find: /System/Volumes/Data/private/var/folders/8x/9bxtdfcd0yq5f0kb1knxx22h0000gn/C/com.apple.WebKit.GPU.Sandbox: Operation not permitted
find: /System/Volumes/Data/private/var/protected/trustd/private: Operation not permitted
find: /System/Volumes/Data/.DocumentRevisions-V100: No such file or directory
find: /System/Volumes/Data/Users/jonathanlarson/Library/Application Support/CallHistoryTransactions: Operation not permitted
find: /System/Volumes/Data/Users/jonathanlarson/Library/Application Support/CloudDocs/session/db: Operation not permitted
find: /System/Volumes/Data/Users/jonathanlarson/Library/Application Support/com.apple.sharedfilelist: Operation not permitted
find: /System/Volumes/Data/Users/jonathanlarson/Library/Application Support/Knowledge: Operation not permitted
find: /System/Volumes/Data/Users/jonathanlarson/Library/Application Support/com.apple.TCC: Operation not permitted
find: /System/Volumes/Data/Users/jonathanlarson/Library/Application Support/FileProvider: Operation not permitted
find: /System/Volumes/Data/Users/jonathanlarson/Library/Application Support/com.apple.avfoundation/Frecents: Operation not permitted
find: /System/Volumes/Data/Users/jonathanlarson/Library/Application Support/CallHistoryDB: Operation not permitted
find: /System/Volumes/Data/Users/jonathanlarson/Library/Assistant/SiriVocabulary: Operation not permitted
find: /System/Volumes/Data/Users/jonathanlarson/Library/Autosave Information: Operation not permitted
find: /System/Volumes/Data/Users/jonathanlarson/Library/IdentityServices: Operation not permitted
find: /System/Volumes/Data/Users/jonathanlarson/Library/Messages: Operation not permitted
find: /System/Volumes/Data/Users/jonathanlarson/Library/HomeKit: Operation not permitted
find: /System/Volumes/Data/Users/jonathanlarson/Library/Sharing: Operation not permitted
find: /System/Volumes/Data/Users/jonathanlarson/Library/Mail: Operation not permitted
find: /System/Volumes/Data/Users/jonathanlarson/Library/DuetExpertCenter: Operation not permitted
find: /System/Volumes/Data/Users/jonathanlarson/Library/Accounts: Operation not permitted
find: /System/Volumes/Data/Users/jonathanlarson/Library/Safari: Operation not permitted
find: /System/Volumes/Data/Users/jonathanlarson/Library/Biome: Operation not permitted
find: /System/Volumes/Data/Users/jonathanlarson/Library/Shortcuts: Operation not permitted
find: /System/Volumes/Data/Users/jonathanlarson/Library/Suggestions: Operation not permitted
find: /System/Volumes/Data/Users/jonathanlarson/Library/Group Containers/group.com.apple.secure-control-center-preferences: Operation not permitted
find: /System/Volumes/Data/Users/jonathanlarson/Library/Group Containers/group.com.apple.notes: Operation not permitted
find: /System/Volumes/Data/Users/jonathanlarson/Library/Containers/com.apple.VoiceMemos: Operation not permitted
find: /System/Volumes/Data/Users/jonathanlarson/Library/Containers/com.apple.archiveutility: Operation not permitted
find: /System/Volumes/Data/Users/jonathanlarson/Library/Containers/com.apple.Home: Operation not permitted
find: /System/Volumes/Data/Users/jonathanlarson/Library/Containers/com.apple.Safari: Operation not permitted
find: /System/Volumes/Data/Users/jonathanlarson/Library/Containers/com.apple.CloudDocs.MobileDocumentsFileProvider: Operation not permitted
find: /System/Volumes/Data/Users/jonathanlarson/Library/Containers/com.apple.mail: Operation not permitted
find: /System/Volumes/Data/Users/jonathanlarson/Library/Containers/com.apple.Notes: Operation not permitted
find: /System/Volumes/Data/Users/jonathanlarson/Library/Containers/com.apple.news: Operation not permitted
find: /System/Volumes/Data/Users/jonathanlarson/Library/Containers/com.apple.corerecents.recentsd/Data/Library/Recents: Operation not permitted
find: /System/Volumes/Data/Users/jonathanlarson/Library/Containers/com.apple.stocks: Operation not permitted
find: /System/Volumes/Data/Users/jonathanlarson/Library/PersonalizationPortrait: Operation not permitted
find: /System/Volumes/Data/Users/jonathanlarson/Library/Metadata/CoreSpotlight: Operation not permitted
find: /System/Volumes/Data/Users/jonathanlarson/Library/Metadata/com.apple.IntelligentSuggestions: Operation not permitted
find: /System/Volumes/Data/Users/jonathanlarson/Library/Cookies: Operation not permitted
find: /System/Volumes/Data/Users/jonathanlarson/Library/CoreFollowUp: Operation not permitted
find: /System/Volumes/Data/Users/jonathanlarson/Library/StatusKit: Operation not permitted
find: /System/Volumes/Data/Users/jonathanlarson/Library/Caches/com.apple.HomeKit: Operation not permitted
find: /System/Volumes/Data/Users/jonathanlarson/Library/Caches/CloudKit: Operation not permitted
find: /System/Volumes/Data/Users/jonathanlarson/Library/Caches/com.apple.Safari: Operation not permitted
find: /System/Volumes/Data/Users/jonathanlarson/Library/Caches/com.apple.findmy.fmfcore: Operation not permitted
find: /System/Volumes/Data/Users/jonathanlarson/Library/Caches/FamilyCircle: Operation not permitted
find: /System/Volumes/Data/Users/jonathanlarson/Library/Caches/com.apple.homed: Operation not permitted
find: /System/Volumes/Data/Users/jonathanlarson/Library/Caches/com.apple.findmy.fmipcore: Operation not permitted
find: /System/Volumes/Data/Users/jonathanlarson/Library/Caches/com.apple.ap.adprivacyd: Operation not permitted
find: /System/Volumes/Data/Users/jonathanlarson/.Trash: Operation not permitted
^C
jonathanlarson@Jonathans-MacBook-Pro ~ % /usr/libexec/java_home -V | grep jdk

Matching Java Virtual Machines (1):
    1.8.333.02 (x86_64) "Oracle Corporation" - "Java" /Library/Internet Plug-Ins/JavaAppletPlugin.plugin/Contents/Home
jonathanlarson@Jonathans-MacBook-Pro ~ % /Library/Internet Plug-Ins/JavaAppletPlugin.plugin/Contents/Home

zsh: no such file or directory: /Library/Internet
jonathanlarson@Jonathans-MacBook-Pro ~ % cd /Library/Internet Plug-Ins/JavaAppletPlugin.plugin/Contents/Home

cd: string not in pwd: /Library/Internet
jonathanlarson@Jonathans-MacBook-Pro ~ % cd /Library/Internet\Plug-Ins/JavaAppletPlugin.plugin/Contents/Home

